$NAME,I-210W
$LANE_WIDTH,3.5

$SEGMENT,straight,100
$TYPE,entry,left
$SPEED,105
$NUM_LANES,0,4
$LANE,0,2000,Myrtle
$LANE,1,2000,Myrtle
$LANE,2,2000,Myrtle
$LANE,3,2000,Myrtle

$SEGMENT,straight,60
$SPEED,105
$NUM_LANES,4

$SEGMENT,straight,240
$TYPE,entry,right
$SPEED,105
$NUM_LANES,4,1
$LANE,4,2000,Myrtle_OnRamp
$RIGHT_MARKING,3,0,140,solid
$LEFT_MARKING,4,0,140,solid
$TRAFFIC_LIGHT,rampmeter1,4,140
$DENSITY_SENSOR,myrtle_density_1,0,10,230,nolog
$DENSITY_SENSOR,myrtle_density_2,1,10,230,nolog
$DENSITY_SENSOR,myrtle_density_3,2,10,230,nolog
$DENSITY_SENSOR,myrtle_density_4,3,10,230,nolog
$DENSITY_SENSOR,rampmeter1_queue,4,1,140,nolog
$FLOW_SENSOR,myrtle_flow_1,0,230,nolog
$FLOW_SENSOR,myrtle_flow_2,1,230,nolog
$FLOW_SENSOR,myrtle_flow_3,2,230,nolog
$FLOW_SENSOR,myrtle_flow_4,3,230,nolog
$SPEED_LIMIT,myrtle_speedlimit_1,0,10
$SPEED_LIMIT,myrtle_speedlimit_2,1,10
$SPEED_LIMIT,myrtle_speedlimit_3,2,10
$SPEED_LIMIT,myrtle_speedlimit_4,3,10

$SEGMENT,circular,1000,6
$TYPE,none,left
$SPEED,105
$NUM_LANES,4
$SPEED_LIMIT,sl,0,1
$SPEED_LIMIT,sl,1,1
$SPEED_LIMIT,sl,2,1
$SPEED_LIMIT,sl,3,1

$SEGMENT,circular,1000,6
$SPEED,105
$NUM_LANES,4

$SEGMENT,circular,1000,6
$SPEED,105
$NUM_LANES,4

$SEGMENT,circular,1000,6
$SPEED,105
$NUM_LANES,4

$SEGMENT,circular,500,12
$SPEED,105
$NUM_LANES,4

$SEGMENT,straight,100
$SPEED,105
$NUM_LANES,4

$SEGMENT,straight,100
$SPEED,105
$NUM_LANES,4

$SEGMENT,straight,200
$TYPE,exit,right
$SPEED,105
$NUM_LANES,4,1
$LANE,4,0.052,Huntington_OffRamp

$SEGMENT,circular,1000,-5
$SPEED,105
$NUM_LANES,4

$SEGMENT,circular,1000,-15
$TYPE,entry,right
$SPEED,105
$NUM_LANES,4,1
$LANE,4,2000,Huntington_OnRamp
$RIGHT_MARKING,3,0,8,solid
$LEFT_MARKING,4,0,8,solid
$TRAFFIC_LIGHT,rampmeter2,4,8
$DENSITY_SENSOR,huntington_density_1,0,1,14
$DENSITY_SENSOR,huntington_density_2,1,1,14
$DENSITY_SENSOR,huntington_density_3,2,1,14
$DENSITY_SENSOR,huntington_density_4,3,1,14
$DENSITY_SENSOR,rampmeter2_queue,4,0.5,8,nolog
$FLOW_SENSOR,huntington_flow_1,0,14
$FLOW_SENSOR,huntington_flow_2,1,14
$FLOW_SENSOR,huntington_flow_3,2,14
$FLOW_SENSOR,huntington_flow_4,3,14
$SPEED_LIMIT,huntington_speedlimit_1,0,1
$SPEED_LIMIT,huntington_speedlimit_2,1,1
$SPEED_LIMIT,huntington_speedlimit_3,2,1
$SPEED_LIMIT,huntington_speedlimit_4,3,1

$SEGMENT,straight,100
$TYPE,none,left
$SPEED,105
$NUM_LANES,4
$SPEED_LIMIT,sl,0,1
$SPEED_LIMIT,sl,1,1
$SPEED_LIMIT,sl,2,1
$SPEED_LIMIT,sl,3,1

$SEGMENT,straight,100
$SPEED,105
$NUM_LANES,4

$SEGMENT,straight,100
$SPEED,105
$NUM_LANES,4

$SEGMENT,straight,100
$SPEED,105
$NUM_LANES,4

$SEGMENT,straight,100
$SPEED,105
$NUM_LANES,4

$SEGMENT,straight,100
$SPEED,105
$NUM_LANES,4

$SEGMENT,straight,100
$SPEED,105
$NUM_LANES,4

$SEGMENT,straight,100
$SPEED,105
$NUM_LANES,4

$SEGMENT,straight,100
$SPEED,105
$NUM_LANES,4

$SEGMENT,straight,100
$SPEED,105
$NUM_LANES,4

$SEGMENT,straight,100
$SPEED,105
$NUM_LANES,4

$SEGMENT,straight,200
$TYPE,exit,right
$SPEED,105
$NUM_LANES,4,1
$LANE,4,0.052,Santa_Anita_OffRamp

$SEGMENT,straight,100
$SPEED,105
$NUM_LANES,4

$SEGMENT,circular,300,-20
$SPEED,105
$NUM_LANES,4

$SEGMENT,straight,240
$TYPE,entry,right
$SPEED,105
$NUM_LANES,4,1
$LANE,4,2000,Santa_Anita_OnRamp1
$RIGHT_MARKING,3,0,140,solid
$LEFT_MARKING,4,0,140,solid
$TRAFFIC_LIGHT,rampmeter3,4,140
$DENSITY_SENSOR,santa_anita_1_density_1,0,10,230,nolog
$DENSITY_SENSOR,santa_anita_1_density_2,1,10,230,nolog
$DENSITY_SENSOR,santa_anita_1_density_3,2,10,230,nolog
$DENSITY_SENSOR,santa_anita_1_density_4,3,10,230,nolog
$DENSITY_SENSOR,rampmeter3_queue,4,1,140,nolog
$FLOW_SENSOR,santa_anita_1_flow_1,0,230,nolog
$FLOW_SENSOR,santa_anita_1_flow_2,1,230,nolog
$FLOW_SENSOR,santa_anita_1_flow_3,2,230,nolog
$FLOW_SENSOR,santa_anita_1_flow_4,3,230,nolog
$SPEED_LIMIT,santa_anita_1_speedlimit_1,0,10
$SPEED_LIMIT,santa_anita_1_speedlimit_2,1,10
$SPEED_LIMIT,santa_anita_1_speedlimit_3,2,10
$SPEED_LIMIT,santa_anita_1_speedlimit_4,3,10

$SEGMENT,straight,60
$TYPE,none,left
$SPEED,105
$NUM_LANES,4
$SPEED_LIMIT,sl,0,1
$SPEED_LIMIT,sl,1,1
$SPEED_LIMIT,sl,2,1
$SPEED_LIMIT,sl,3,1

$SEGMENT,straight,240
$TYPE,entry,right
$SPEED,105
$NUM_LANES,4,1
$LANE,4,2000,Santa_Anita_OnRamp2
$RIGHT_MARKING,3,0,140,solid
$LEFT_MARKING,4,0,140,solid
$TRAFFIC_LIGHT,rampmeter4,4,140
$DENSITY_SENSOR,santa_anita_2_density_1,0,10,230,nolog
$DENSITY_SENSOR,santa_anita_2_density_2,1,10,230,nolog
$DENSITY_SENSOR,santa_anita_2_density_3,2,10,230,nolog
$DENSITY_SENSOR,santa_anita_2_density_4,3,10,230,nolog
$DENSITY_SENSOR,rampmeter4_queue,4,1,140,nolog
$FLOW_SENSOR,santa_anita_2_flow_1,0,230,nolog
$FLOW_SENSOR,santa_anita_2_flow_2,1,230,nolog
$FLOW_SENSOR,santa_anita_2_flow_3,2,230,nolog
$FLOW_SENSOR,santa_anita_2_flow_4,3,230,nolog
$SPEED_LIMIT,santa_anita_2_speedlimit_1,0,10
$SPEED_LIMIT,santa_anita_2_speedlimit_2,1,10
$SPEED_LIMIT,santa_anita_2_speedlimit_3,2,10
$SPEED_LIMIT,santa_anita_2_speedlimit_4,3,10

$SEGMENT,straight,60
$TYPE,none,left
$SPEED,105
$NUM_LANES,4
$SPEED_LIMIT,sl,0,1
$SPEED_LIMIT,sl,1,1
$SPEED_LIMIT,sl,2,1
$SPEED_LIMIT,sl,3,1

$SEGMENT,straight,100
$SPEED,105
$NUM_LANES,4

$SEGMENT,straight,100
$SPEED,105
$NUM_LANES,4

$SEGMENT,straight,100
$SPEED,105
$NUM_LANES,4

$SEGMENT,straight,100
$SPEED,105
$NUM_LANES,4

$SEGMENT,straight,100
$SPEED,105
$NUM_LANES,4

$SEGMENT,straight,100
$SPEED,105
$NUM_LANES,4

$SEGMENT,straight,100
$SPEED,105
$NUM_LANES,4

$SEGMENT,straight,100
$SPEED,105
$NUM_LANES,4

$SEGMENT,straight,200
$TYPE,exit,right
$SPEED,105
$NUM_LANES,4,1
$LANE,4,0.052,Baldwin_OffRamp

$SEGMENT,straight,60
$SPEED,105
$NUM_LANES,4

$SEGMENT,straight,240
$TYPE,entry,right
$SPEED,105
$NUM_LANES,4,1
$LANE,4,2000,Baldwin_OnRamp1
$RIGHT_MARKING,3,0,140,solid
$LEFT_MARKING,4,0,140,solid
$TRAFFIC_LIGHT,rampmeter5,4,140
$DENSITY_SENSOR,baldwin_1_density_1,0,10,230,nolog
$DENSITY_SENSOR,baldwin_1_density_2,1,10,230,nolog
$DENSITY_SENSOR,baldwin_1_density_3,2,10,230,nolog
$DENSITY_SENSOR,baldwin_1_density_4,3,10,230,nolog
$DENSITY_SENSOR,rampmeter5_queue,4,1,140,nolog
$FLOW_SENSOR,baldwin_1_flow_1,0,230,nolog
$FLOW_SENSOR,baldwin_1_flow_2,1,230,nolog
$FLOW_SENSOR,baldwin_1_flow_3,2,230,nolog
$FLOW_SENSOR,baldwin_1_flow_4,3,230,nolog
$SPEED_LIMIT,baldwin_1_speedlimit_1,0,10
$SPEED_LIMIT,baldwin_1_speedlimit_2,1,10
$SPEED_LIMIT,baldwin_1_speedlimit_3,2,10
$SPEED_LIMIT,baldwin_1_speedlimit_4,3,10

$SEGMENT,straight,60
$TYPE,none,left
$SPEED,105
$NUM_LANES,4
$SPEED_LIMIT,sl,0,1
$SPEED_LIMIT,sl,1,1
$SPEED_LIMIT,sl,2,1
$SPEED_LIMIT,sl,3,1

$SEGMENT,straight,240
$TYPE,entry,right
$SPEED,105
$NUM_LANES,4,1
$LANE,4,2000,Baldwin_OnRamp2
$RIGHT_MARKING,3,0,140,solid
$LEFT_MARKING,4,0,140,solid
$TRAFFIC_LIGHT,rampmeter6,4,140
$DENSITY_SENSOR,baldwin_2_density_1,0,10,230,nolog
$DENSITY_SENSOR,baldwin_2_density_2,1,10,230,nolog
$DENSITY_SENSOR,baldwin_2_density_3,2,10,230,nolog
$DENSITY_SENSOR,baldwin_2_density_4,3,10,230,nolog
$DENSITY_SENSOR,rampmeter6_queue,4,1,140
$FLOW_SENSOR,baldwin_2_flow_1,0,230,nolog
$FLOW_SENSOR,baldwin_2_flow_2,1,230,nolog
$FLOW_SENSOR,baldwin_2_flow_3,2,230,nolog
$FLOW_SENSOR,baldwin_2_flow_4,3,230,nolog
$SPEED_LIMIT,baldwin_2_speedlimit_1,0,10
$SPEED_LIMIT,baldwin_2_speedlimit_2,1,10
$SPEED_LIMIT,baldwin_2_speedlimit_3,2,10
$SPEED_LIMIT,baldwin_2_speedlimit_4,3,10

$SEGMENT,straight,100
$TYPE,none,left
$SPEED,105
$NUM_LANES,4
$SPEED_LIMIT,sl,0,1
$SPEED_LIMIT,sl,1,1
$SPEED_LIMIT,sl,2,1
$SPEED_LIMIT,sl,3,1

